// Vitest Snapshot v1, https://vitest.dev/guide/snapshot.html

exports[`BaseButton (matrix) > should render disabled correctly 1`] = `"<button data-slot="base-button" type="button" disabled="" class="inline-flex items-center justify-center whitespace-nowrap font-medium transition-[color,background-color,border-color] duration-fast ease-out disabled:pointer-events-none disabled:opacity-50 [&amp;_svg]:pointer-events-none [&amp;_svg:not([class*='size-'])]:size-4 shrink-0 [&amp;_svg]:shrink-0 aria-invalid:border-destructive focus-visible:outline-2 focus-visible:outline-accent focus-visible:outline-offset-1 bg-accent text-white hover:bg-accent-hover active:bg-accent-active shadow-xs h-7 px-3 text-[13px] rounded-md gap-1.5">Button</button>"`;

exports[`BaseButton (matrix) > should render size=icon correctly 1`] = `"<button data-slot="base-button" data-size="icon" type="button" class="inline-flex items-center justify-center whitespace-nowrap font-medium transition-[color,background-color,border-color] duration-fast ease-out disabled:pointer-events-none disabled:opacity-50 [&amp;_svg]:pointer-events-none [&amp;_svg:not([class*='size-'])]:size-4 shrink-0 [&amp;_svg]:shrink-0 aria-invalid:border-destructive focus-visible:outline-2 focus-visible:outline-accent focus-visible:outline-offset-1 bg-accent text-white hover:bg-accent-hover active:bg-accent-active shadow-xs size-7 rounded-md">Button</button>"`;

exports[`BaseButton (matrix) > should render size=lg correctly 1`] = `"<button data-slot="base-button" data-size="lg" type="button" class="inline-flex items-center justify-center whitespace-nowrap font-medium transition-[color,background-color,border-color] duration-fast ease-out disabled:pointer-events-none disabled:opacity-50 [&amp;_svg]:pointer-events-none [&amp;_svg:not([class*='size-'])]:size-4 shrink-0 [&amp;_svg]:shrink-0 aria-invalid:border-destructive focus-visible:outline-2 focus-visible:outline-accent focus-visible:outline-offset-1 bg-accent text-white hover:bg-accent-hover active:bg-accent-active shadow-xs h-8 px-3.5 text-sm rounded-md gap-1.5">Button</button>"`;

exports[`BaseButton (matrix) > should render size=md correctly 1`] = `"<button data-slot="base-button" data-size="md" type="button" class="inline-flex items-center justify-center whitespace-nowrap font-medium transition-[color,background-color,border-color] duration-fast ease-out disabled:pointer-events-none disabled:opacity-50 [&amp;_svg]:pointer-events-none [&amp;_svg:not([class*='size-'])]:size-4 shrink-0 [&amp;_svg]:shrink-0 aria-invalid:border-destructive focus-visible:outline-2 focus-visible:outline-accent focus-visible:outline-offset-1 bg-accent text-white hover:bg-accent-hover active:bg-accent-active shadow-xs h-7 px-3 text-[13px] rounded-md gap-1.5">Button</button>"`;

exports[`BaseButton (matrix) > should render size=sm correctly 1`] = `"<button data-slot="base-button" data-size="sm" type="button" class="inline-flex items-center justify-center whitespace-nowrap font-medium transition-[color,background-color,border-color] duration-fast ease-out disabled:pointer-events-none disabled:opacity-50 [&amp;_svg]:pointer-events-none [&amp;_svg:not([class*='size-'])]:size-4 shrink-0 [&amp;_svg]:shrink-0 aria-invalid:border-destructive focus-visible:outline-2 focus-visible:outline-accent focus-visible:outline-offset-1 bg-accent text-white hover:bg-accent-hover active:bg-accent-active shadow-xs h-6 px-2 text-xs rounded-sm gap-1">Button</button>"`;

exports[`BaseButton (matrix) > should render variant=default correctly 1`] = `"<button data-slot="base-button" data-variant="default" type="button" class="inline-flex items-center justify-center whitespace-nowrap font-medium transition-[color,background-color,border-color] duration-fast ease-out disabled:pointer-events-none disabled:opacity-50 [&amp;_svg]:pointer-events-none [&amp;_svg:not([class*='size-'])]:size-4 shrink-0 [&amp;_svg]:shrink-0 aria-invalid:border-destructive focus-visible:outline-2 focus-visible:outline-accent focus-visible:outline-offset-1 bg-accent text-white hover:bg-accent-hover active:bg-accent-active shadow-xs h-7 px-3 text-[13px] rounded-md gap-1.5">Button</button>"`;

exports[`BaseButton (matrix) > should render variant=destructive correctly 1`] = `"<button data-slot="base-button" data-variant="destructive" type="button" class="inline-flex items-center justify-center whitespace-nowrap font-medium transition-[color,background-color,border-color] duration-fast ease-out disabled:pointer-events-none disabled:opacity-50 [&amp;_svg]:pointer-events-none [&amp;_svg:not([class*='size-'])]:size-4 shrink-0 [&amp;_svg]:shrink-0 aria-invalid:border-destructive focus-visible:outline-2 focus-visible:outline-accent focus-visible:outline-offset-1 bg-destructive text-white hover:bg-destructive/90 shadow-xs h-7 px-3 text-[13px] rounded-md gap-1.5">Button</button>"`;

exports[`BaseButton (matrix) > should render variant=ghost correctly 1`] = `"<button data-slot="base-button" data-variant="ghost" type="button" class="inline-flex items-center justify-center whitespace-nowrap font-medium transition-[color,background-color,border-color] duration-fast ease-out disabled:pointer-events-none disabled:opacity-50 [&amp;_svg]:pointer-events-none [&amp;_svg:not([class*='size-'])]:size-4 shrink-0 [&amp;_svg]:shrink-0 aria-invalid:border-destructive focus-visible:outline-2 focus-visible:outline-accent focus-visible:outline-offset-1 bg-transparent text-foreground hover:bg-accent-soft h-7 px-3 text-[13px] rounded-md gap-1.5">Button</button>"`;

exports[`BaseButton (matrix) > should render variant=link correctly 1`] = `"<button data-slot="base-button" data-variant="link" type="button" class="inline-flex items-center justify-center whitespace-nowrap font-medium transition-[color,background-color,border-color] duration-fast ease-out disabled:pointer-events-none disabled:opacity-50 [&amp;_svg]:pointer-events-none [&amp;_svg:not([class*='size-'])]:size-4 shrink-0 [&amp;_svg]:shrink-0 aria-invalid:border-destructive focus-visible:outline-2 focus-visible:outline-accent focus-visible:outline-offset-1 bg-transparent text-accent underline-offset-4 hover:underline h-7 px-3 text-[13px] rounded-md gap-1.5">Button</button>"`;

exports[`BaseButton (matrix) > should render variant=outline correctly 1`] = `"<button data-slot="base-button" data-variant="outline" type="button" class="inline-flex items-center justify-center whitespace-nowrap font-medium transition-[color,background-color,border-color] duration-fast ease-out disabled:pointer-events-none disabled:opacity-50 [&amp;_svg]:pointer-events-none [&amp;_svg:not([class*='size-'])]:size-4 shrink-0 [&amp;_svg]:shrink-0 aria-invalid:border-destructive focus-visible:outline-2 focus-visible:outline-accent focus-visible:outline-offset-1 border border-border bg-transparent text-foreground hover:border-border-strong hover:bg-accent-soft h-7 px-3 text-[13px] rounded-md gap-1.5">Button</button>"`;

exports[`BaseButton (matrix) > should render variant=secondary correctly 1`] = `"<button data-slot="base-button" data-variant="secondary" type="button" class="inline-flex items-center justify-center whitespace-nowrap font-medium transition-[color,background-color,border-color] duration-fast ease-out disabled:pointer-events-none disabled:opacity-50 [&amp;_svg]:pointer-events-none [&amp;_svg:not([class*='size-'])]:size-4 shrink-0 [&amp;_svg]:shrink-0 aria-invalid:border-destructive focus-visible:outline-2 focus-visible:outline-accent focus-visible:outline-offset-1 bg-secondary text-foreground hover:bg-border h-7 px-3 text-[13px] rounded-md gap-1.5">Button</button>"`;
